=== RUN   TestNewDAO
gno.land/p/teritori/basedao: test pkg: panic: reflect: reflect.Value.SetString using value obtained using unexported field
go stacktrace:
goroutine 1 [running]:
runtime/debug.Stack()
	/opt/homebrew/Cellar/go/1.23.4/libexec/src/runtime/debug/stack.go:26 +0x64
github.com/gnolang/gno/gnovm/pkg/test.(*TestOptions).runTestFiles.func1()
	/Users/norman/Code/gno/gnovm/pkg/test/test.go:285 +0xe0
panic({0x104ea34a0?, 0x1400bf92d20?})
	/opt/homebrew/Cellar/go/1.23.4/libexec/src/runtime/panic.go:785 +0x124
github.com/gnolang/gno/gnovm/pkg/gnolang.(*Machine).Run.func1()
	/Users/norman/Code/gno/gnovm/pkg/gnolang/machine.go:1207 +0xac
panic({0x104ea34a0?, 0x1400bf92d20?})
	/opt/homebrew/Cellar/go/1.23.4/libexec/src/runtime/panic.go:785 +0x124
reflect.flag.mustBeAssignableSlow(0x1400e2fcc58?)
	/opt/homebrew/Cellar/go/1.23.4/libexec/src/reflect/value.go:254 +0xb4
reflect.flag.mustBeAssignable(...)
	/opt/homebrew/Cellar/go/1.23.4/libexec/src/reflect/value.go:244
reflect.Value.SetString({0x104ea34a0?, 0x1400bf92d10?, 0x1400e2fcd08?}, {0x140082a0dc1, 0x1c})
	/opt/homebrew/Cellar/go/1.23.4/libexec/src/reflect/value.go:2514 +0x48
github.com/gnolang/gno/gnovm/pkg/gnolang.gno2GoValue(0x1400bfca240, {0x104ea34a0?, 0x1400bf92d10?, 0x10?})
	/Users/norman/Code/gno/gnovm/pkg/gnolang/gonative.go:1033 +0x368
github.com/gnolang/gno/gnovm/pkg/gnolang.gno2GoValue(0x1400bfa1d60, {0x1400ba45e00?, 0x1400bf92d10?, 0x10?})
	/Users/norman/Code/gno/gnovm/pkg/gnolang/gonative.go:1136 +0x9a8
github.com/gnolang/gno/gnovm/pkg/gnolang.gno2GoValue(0x1400be79b50, {0x104edaaa0?, 0x1400bf92c80?, 0x0?})
	/Users/norman/Code/gno/gnovm/pkg/gnolang/gonative.go:1071 +0x830
github.com/gnolang/gno/gnovm/pkg/gnolang.(*Machine).doOpCallGoNative(0x14007fd46c8)
	/Users/norman/Code/gno/gnovm/pkg/gnolang/gonative.go:1351 +0x280
github.com/gnolang/gno/gnovm/pkg/gnolang.(*Machine).Run(0x14007fd46c8)
	/Users/norman/Code/gno/gnovm/pkg/gnolang/machine.go:1445 +0x748
github.com/gnolang/gno/gnovm/pkg/gnolang.(*Machine).Eval(0x14007fd46c8, {0x1050379d0, 0x1400bc661c0})
	/Users/norman/Code/gno/gnovm/pkg/gnolang/machine.go:788 +0x56c
github.com/gnolang/gno/gnovm/pkg/test.(*TestOptions).runTestFiles(0x140003800a0, 0x14000534580, 0x14008598e10, {0x105032b38?, 0x140089137d0?}, {0x105041418, 0x140087cc0f0})
	/Users/norman/Code/gno/gnovm/pkg/test/test.go:330 +0x670
github.com/gnolang/gno/gnovm/pkg/test.Test(0x14000534580, {0x1400038a240, 0x2e}, 0x140003800a0)
	/Users/norman/Code/gno/gnovm/pkg/test/test.go:209 +0x15c
main.execTest.func2()
	/Users/norman/Code/gno/gnovm/cmd/gno/test.go:241 +0x38
main.catchRuntimeError({0x1400038a240?, 0x2e?}, {0x105026920?, 0x14000126060?}, 0x1400040d5c0?)
	/Users/norman/Code/gno/gnovm/cmd/gno/tool_lint.go:330 +0x70
main.execTest(0x1400040cf40, {0x1400041e430?, 0xf?, 0x0?}, {0x10503a3f0, 0x140003db5e0})
	/Users/norman/Code/gno/gnovm/cmd/gno/test.go:240 +0x710
main.newTestCmd.func1({0x0?, 0x140001360b0?}, {0x1400041e430?, 0x14000384ba0?, 0x0?})
	/Users/norman/Code/gno/gnovm/cmd/gno/test.go:91 +0x3c
github.com/gnolang/gno/tm2/pkg/commands.(*Command).Run(0xc?, {0x10502bbe0?, 0x1057204c0?})
	/Users/norman/Code/gno/tm2/pkg/commands/command.go:255 +0x174
github.com/gnolang/gno/tm2/pkg/commands.(*Command).Run(0x140003b74a0?, {0x10502bbe0?, 0x1057204c0?})
	/Users/norman/Code/gno/tm2/pkg/commands/command.go:259 +0x124
github.com/gnolang/gno/tm2/pkg/commands.(*Command).ParseAndRun(0x140003b74a0, {0x10502bbe0, 0x1057204c0}, {0x14000136090?, 0x140003b7810?, 0x140003b78c0?})
	/Users/norman/Code/gno/tm2/pkg/commands/command.go:140 +0x4c
github.com/gnolang/gno/tm2/pkg/commands.(*Command).Execute(0x10503a3f0?, {0x10502bbe0?, 0x1057204c0?}, {0x14000136090?, 0x10567a0c8?, 0x140000021c0?})
	/Users/norman/Code/gno/tm2/pkg/commands/command.go:117 +0x28
main.main()
	/Users/norman/Code/gno/gnovm/cmd/gno/main.go:13 +0x6c

gno machine: Machine:
    PreprocessorMode: false
    Op: [OpHalt OpBody OpPopResults OpExec OpBody OpPopResults OpExec OpBody OpDefine OpBody OpPopBlock OpBody OpPanic2 OpReturnCallDefers OpBody OpPopFrameAndReset OpPopBlock OpBody OpPopResults]
    Values: (len: 4)
          #3 (New func(conf *gno.land/p/teritori/basedao.Config)( *gno.land/p/teritori/basedao.DAO))
          #2 (TestNewDAO testing.testingFunc)
          #1 (tRunner func(t *testing.T,fn testing.testingFunc,verbose bool)())
          #0 (RunTest func(runFlag string,verbose bool,test testing.InternalTest)(ret string))
    Exprs:
    Stmts:
          #8 bodyStmt[0/0/2]=(end)
          #7 bodyStmt[0/0/2]=dur<!VPBlock(1,1)> := unixNano<VPBlock(4,41)>() - start<VPBlock(2,3)>
          #6 bodyStmt[0/0/1]=(end)
          #5 bodyStmt[0/0/4]=dao<!VPBlock(1,3)> := &(DAO<VPBlock(3,0)>{Core<VPField(0,0,Core)>: daokit<VPBlock(2,4)>.NewCore(), Members<VPField(0,1,Members)>: members<VPBlock(1,2)>, GetProfileString<VPField(0,3,GetProfileString)>: conf<VPBlock(1,0)>.GetProfileString, Realm<VPField(0,4,Realm)>: std<VPBlock(2,1)>.CurrentRealm()})
          #4 bodyStmt[0/0/3]=roles<!VPBlock(1,3)> := dao<VPBlock(1,2)>.Members.GetRoles()*
          #3 return
          #2 bodyStmt[0/0/5]=(end)
          #1 return
          #0 bodyStmt[0/0/3]=if !t<VPBlock(2,4)>.verbose && t<VPBlock(2,4)>.Failed() { t<VPBlock(2,4)>.printFailure() }
    Blocks:
          @(466) Block(ID:0000000000000000000000000000000000000000:0,Addr:0x1400bfe85a0,Source:switch err<VPBlock(2,0)> { case ...,Parent:0x1400bfe81e0)
 (s vals) @(466) Block(ID:0000000000000000000000000000000000000000:0,Addr:0x140066851b0,Source:switch err<VPBlock(2,0)> { case ...,Parent:0x140066858b0)
 (s typs) @(466) []
          @(575) Block(ID:0000000000000000000000000000000000000000:0,Addr:0x1400bfe81e0,Source:func func(){ err<!VPBlock(1,0)> ...,Parent:0x1400bead0e0)
            err: (&(struct{("GetProfileString is required" string)} errors.errorString) *errors.errorString)
            dur: (undefined)
 (s vals) @(575) Block(ID:0000000000000000000000000000000000000000:0,Addr:0x140066858b0,Source:func func(){ err<!VPBlock(1,0)> ...,Parent:0x14006717430)
            err: (undefined)
            dur: (0 int64)
 (s typs) @(575) [interface{} int64]
          @(754) Block(ID:0000000000000000000000000000000000000000:0,Addr:0x1400bfc9860,Source:if conf<VPBlock(2,0)>.GetProfile...,Parent:0x1400bed2d20)
 (s vals) @(754) Block(ID:0000000000000000000000000000000000000000:0,Addr:0x14008976430,Source:if conf<VPBlock(2,0)>.GetProfile...,Parent:0x1400898c430)
 (s typs) @(754) []
          @(862) Block(ID:0000000000000000000000000000000000000000:0,Addr:0x1400bed2d20,Source:func New(conf *(Config<VPBlock(2...,Parent:0x14009a71680)
            conf: (&(struct{("My DAO" string),("My DAO Description" string),( string),(slice[("admin" string)] []string),(slice[(struct{("g1v9kxjcm9ta047h6lta047h6lta047h6lzd40gh" string),(slice[("admin" string)] []string)} gno.land/p/teritori/basedao.Member),(struct{("g1vfhkyh6lta047h6lta047h6lta047h6l03vdhu" string),(slice[] []string)} gno.land/p/teritori/basedao.Member),(struct{("g1vdshymmvta047h6lta047h6lta047h6l2asz94" string),(slice[] []string)} gno.land/p/teritori/basedao.Member)] []gno.land/p/teritori/basedao.Member),(false bool),(undefined),(nil gno.land/p/teritori/basedao.ProfileStringSetter),(nil gno.land/p/teritori/basedao.ProfileStringGetter)} gno.land/p/teritori/basedao.Config) *gno.land/p/teritori/basedao.Config)
            .res_0: (nil *gno.land/p/teritori/basedao.DAO)
            members: (&(struct{(&(struct{(&(struct{("g1v9kxjcm9ta047h6lta047h6lta047h6lzd40gh" std.Address)} gno.land/p/demo/ownable.Ownable) *gno.land/p/demo/ownable.Ownable),(&(struct{(&(struct{("admin" string),(&(struct{("admin" string),(&(struct{(nil *gno.land/p/demo/avl.Node)} gno.land/p/demo/avl.Tree) *gno.land/p/demo/avl.Tree),(&(struct{(&(struct{("g1v9kxjcm9ta047h6lta047h6lta047h6lzd40gh" string),(struct{} struct{}),(0 int8),(1 int),(nil *gno.land/p/demo/avl.Node),(nil *gno.land/p/demo/avl.Node)} gno.land/p/demo/avl.Node) *gno.land/p/demo/avl.Node)} gno.land/p/demo/avl.Tree) *gno.land/p/demo/avl.Tree)} gno.land/p/teritori/role_manager.Role) *gno.land/p/teritori/role_manager.Role),(0 int8),(1 int),(nil *gno.land/p/demo/avl.Node),(nil *gno.land/p/demo/avl.Node)} gno.land/p/demo/avl.Node) *gno.land/p/demo/avl.Node)} gno.land/p/demo/avl.Tree) *gno.land/p/demo/avl.Tree),(&(struct{(&(struct{("g1v9kxjcm9ta047h6lta047h6lta047h6lzd40gh" string),(&(struct{(&(struct{("admin" string),(&(struct{("admin" string),(&(struct{(nil *gno.land/p/demo/avl.Node)} gno.land/p/demo/avl.Tree) *gno.land/p/demo/avl.Tree),(&(struct{(&(struct{("g1v9kxjcm9ta047h6lta047h6lta047h6lzd40gh" string),(struct{} struct{}),(0 int8),(1 int),(nil *gno.land/p/demo/avl.Node),(nil *gno.land/p/demo/avl.Node)} gno.land/p/demo/avl.Node) *gno.land/p/demo/avl.Node)} gno.land/p/demo/avl.Tree) *gno.land/p/demo/avl.Tree)} gno.land/p/teritori/role_manager.Role) *gno.land/p/teritori/role_manager.Role),(0 int8),(1 int),(nil *gno.land/p/demo/avl.Node),(nil *gno.land/p/demo/avl.Node)} gno.land/p/demo/avl.Node) *gno.land/p/demo/avl.Node)} gno.land/p/demo/avl.Tree) *gno.land/p/demo/avl.Tree),(0 int8),(1 int),(nil *gno.land/p/demo/avl.Node),(nil *gno.land/p/demo/avl.Node)} gno.land/p/demo/avl.Node) *gno.land/p/demo/avl.Node)} gno.land/p/demo/avl.Tree) *gno.land/p/demo/avl.Tree)} gno.land/p/teritori/role_manager.RoleManager) *gno.land/p/teritori/role_manager.RoleManager),(&(struct{(&(struct{("g1vfhkyh6lta047h6lta047h6lta047h6l03vdhu" string),(undefined),(2 int8),(3 int),(&(struct{("g1vdshymmvta047h6lta047h6lta047h6l2asz94" string),(undefined),(1 int8),(2 int),(&(struct{("g1v9kxjcm9ta047h6lta047h6lta047h6lzd40gh" string),(struct{} struct{}),(0 int8),(1 int),(nil *gno.land/p/demo/avl.Node),(nil *gno.land/p/demo/avl.Node)} gno.land/p/demo/avl.Node) *gno.land/p/demo/avl.Node),(&(struct{("g1vdshymmvta047h6lta047h6lta047h6l2asz94" string),(struct{} struct{}),(0 int8),(1 int),(nil *gno.land/p/demo/avl.Node),(nil *gno.land/p/demo/avl.Node)} gno.land/p/demo/avl.Node) *gno.land/p/demo/avl.Node)} gno.land/p/demo/avl.Node) *gno.land/p/demo/avl.Node),(&(struct{("g1vfhkyh6lta047h6lta047h6lta047h6l03vdhu" string),(struct{} struct{}),(0 int8),(1 int),(nil *gno.land/p/demo/avl.Node),(nil *gno.land/p/demo/avl.Node)} gno.land/p/demo/avl.Node) *gno.land/p/demo/avl.Node)} gno.land/p/demo/avl.Node) *gno.land/p/demo/avl.Node)} gno.land/p/demo/avl.Tree) *gno.land/p/demo/avl.Tree)} gno.land/p/teritori/basedao.membersStore) *gno.land/p/teritori/basedao.membersStore)
            dao: (undefined)
 (s vals) @(862) Block(ID:0000000000000000000000000000000000000000:0,Addr:0x1400898c430,Source:func New(conf *(Config<VPBlock(2...,Parent:0x1400893f8b0)
            conf: (nil *gno.land/p/teritori/basedao.Config)
            .res_0: (nil *gno.land/p/teritori/basedao.DAO)
            members: (nil *gno.land/p/teritori/basedao.membersStore)
            dao: (nil *gno.land/p/teritori/basedao.DAO)
 (s typs) @(862) [*gno.land/p/teritori/basedao.Config *gno.land/p/teritori/basedao.DAO *gno.land/p/teritori/basedao.membersStore *gno.land/p/teritori/basedao.DAO]
          @(2389) Block(ID:0000000000000000000000000000000000000000:0,Addr:0x1400bed21e0,Source:func TestNewDAO(t *(testing<VPBl...,Parent:0x1400bb345a0)
            t: (&(struct{("TestNewDAO" string),(true bool),(false bool),(nil []*testing.T),(nil *testing.T),(nil []uint8),(true bool),(undefined),( string)} testing.T) *testing.T)
            conf: (&(struct{("My DAO" string),("My DAO Description" string),( string),(slice[("admin" string)] []string),(slice[(struct{("g1v9kxjcm9ta047h6lta047h6lta047h6lzd40gh" string),(slice[("admin" string)] []string)} gno.land/p/teritori/basedao.Member),(struct{("g1vfhkyh6lta047h6lta047h6lta047h6l03vdhu" string),(slice[] []string)} gno.land/p/teritori/basedao.Member),(struct{("g1vdshymmvta047h6lta047h6lta047h6l2asz94" string),(slice[] []string)} gno.land/p/teritori/basedao.Member)] []gno.land/p/teritori/basedao.Member),(false bool),(undefined),(nil gno.land/p/teritori/basedao.ProfileStringSetter),(nil gno.land/p/teritori/basedao.ProfileStringGetter)} gno.land/p/teritori/basedao.Config) *gno.land/p/teritori/basedao.Config)
            dao: (undefined)
            roles: (undefined)
 (s vals) @(2389) Block(ID:0000000000000000000000000000000000000000:0,Addr:0x1400869e430,Source:func TestNewDAO(t *(testing<VPBl...,Parent:0x1400883e030)
            t: (nil *testing.T)
            conf: (nil *gno.land/p/teritori/basedao.Config)
            dao: (nil *gno.land/p/teritori/basedao.DAO)
            roles: (nil []string)
 (s typs) @(2389) [*testing.T *gno.land/p/teritori/basedao.Config *gno.land/p/teritori/basedao.DAO []string]
          @(2915) Block(ID:0000000000000000000000000000000000000000:0,Addr:0x1400bead0e0,Source:func tRunner(t *(T<VPBlock(2,32)...,Parent:0x1400a01dc20)
            t: (&(struct{("TestNewDAO" string),(true bool),(false bool),(nil []*testing.T),(nil *testing.T),(nil []uint8),(true bool),(undefined),( string)} testing.T) *testing.T)
            fn: (TestNewDAO testing.testingFunc)
            verbose: (true bool)
            start: (1739566392129236000 int64)
 (s vals) @(2915) Block(ID:0000000000000000000000000000000000000000:0,Addr:0x14006717430,Source:func tRunner(t *(T<VPBlock(2,32)...,Parent:0x14006685c30)
            t: (nil *testing.T)
            fn: (nil testing.testingFunc)
            verbose: (false bool)
            start: (0 int64)
 (s typs) @(2915) [*testing.T testing.testingFunc bool int64]
          @(3187) Block(ID:0000000000000000000000000000000000000000:0,Addr:0x1400beacd20,Source:func RunTest(runFlag (const-type...,Parent:0x1400a01dc20)
            runFlag: ("" string)
            verbose: (true bool)
            test: (struct{("TestNewDAO" string),(TestNewDAO testing.testingFunc)} testing.InternalTest)
            ret: ( string)
            t: (&(struct{("TestNewDAO" string),(true bool),(false bool),(nil []*testing.T),(nil *testing.T),(nil []uint8),(true bool),(undefined),( string)} testing.T) *testing.T)
            report: (undefined)
            out: (undefined)
 (s vals) @(3187) Block(ID:0000000000000000000000000000000000000000:0,Addr:0x14006716430,Source:func RunTest(runFlag (const-type...,Parent:0x14006685c30)
            runFlag: ( string)
            verbose: (false bool)
            test: (nil testing.InternalTest)
            ret: ( string)
            t: (nil *testing.T)
            report: (nil testing.Report)
            out: (nil gonative{[]uint8})
 (s typs) @(3187) [string bool testing.InternalTest string *testing.T testing.Report gonative{[]uint8}]
    Blocks (other):
          #6 Block(ID:0000000000000000000000000000000000000000:0,Addr:0x1400bfe81e0,Source:func func(){ err<!VPBlock(1,0)> ...,Parent:0x1400bead0e0)
            err: (&(struct{("GetProfileString is required" string)} errors.errorString) *errors.errorString)
            dur: (undefined)
 (static) #6 Block(ID:0000000000000000000000000000000000000000:0,Addr:0x140066858b0,Source:func func(){ err<!VPBlock(1,0)> ...,Parent:0x14006717430)
            err: (undefined)
            dur: (0 int64)
          #5 Block(ID:0000000000000000000000000000000000000000:0,Addr:0x1400bfc9860,Source:if conf<VPBlock(2,0)>.GetProfile...,Parent:0x1400bed2d20)
 (static) #5 Block(ID:0000000000000000000000000000000000000000:0,Addr:0x14008976430,Source:if conf<VPBlock(2,0)>.GetProfile...,Parent:0x1400898c430)
          #4 Block(ID:0000000000000000000000000000000000000000:0,Addr:0x1400bed2d20,Source:func New(conf *(Config<VPBlock(2...,Parent:0x14009a71680)
            conf: (&(struct{("My DAO" string),("My DAO Description" string),( string),(slice[("admin" string)] []string),(slice[(struct{("g1v9kxjcm9ta047h6lta047h6lta047h6lzd40gh" string),(slice[("admin" string)] []string)} gno.land/p/teritori/basedao.Member),(struct{("g1vfhkyh6lta047h6lta047h6lta047h6l03vdhu" string),(slice[] []string)} gno.land/p/teritori/basedao.Member),(struct{("g1vdshymmvta047h6lta047h6lta047h6l2asz94" string),(slice[] []string)} gno.land/p/teritori/basedao.Member)] []gno.land/p/teritori/basedao.Member),(false bool),(undefined),(nil gno.land/p/teritori/basedao.ProfileStringSetter),(nil gno.land/p/teritori/basedao.ProfileStringGetter)} gno.land/p/teritori/basedao.Config) *gno.land/p/teritori/basedao.Config)
            .res_0: (nil *gno.land/p/teritori/basedao.DAO)
            members: (&(struct{(&(struct{(&(struct{("g1v9kxjcm9ta047h6lta047h6lta047h6lzd40gh" std.Address)} gno.land/p/demo/ownable.Ownable) *gno.land/p/demo/ownable.Ownable),(&(struct{(&(struct{("admin" string),(&(struct{("admin" string),(&(struct{(nil *gno.land/p/demo/avl.Node)} gno.land/p/demo/avl.Tree) *gno.land/p/demo/avl.Tree),(&(struct{(&(struct{("g1v9kxjcm9ta047h6lta047h6lta047h6lzd40gh" string),(struct{} struct{}),(0 int8),(1 int),(nil *gno.land/p/demo/avl.Node),(nil *gno.land/p/demo/avl.Node)} gno.land/p/demo/avl.Node) *gno.land/p/demo/avl.Node)} gno.land/p/demo/avl.Tree) *gno.land/p/demo/avl.Tree)} gno.land/p/teritori/role_manager.Role) *gno.land/p/teritori/role_manager.Role),(0 int8),(1 int),(nil *gno.land/p/demo/avl.Node),(nil *gno.land/p/demo/avl.Node)} gno.land/p/demo/avl.Node) *gno.land/p/demo/avl.Node)} gno.land/p/demo/avl.Tree) *gno.land/p/demo/avl.Tree),(&(struct{(&(struct{("g1v9kxjcm9ta047h6lta047h6lta047h6lzd40gh" string),(&(struct{(&(struct{("admin" string),(&(struct{("admin" string),(&(struct{(nil *gno.land/p/demo/avl.Node)} gno.land/p/demo/avl.Tree) *gno.land/p/demo/avl.Tree),(&(struct{(&(struct{("g1v9kxjcm9ta047h6lta047h6lta047h6lzd40gh" string),(struct{} struct{}),(0 int8),(1 int),(nil *gno.land/p/demo/avl.Node),(nil *gno.land/p/demo/avl.Node)} gno.land/p/demo/avl.Node) *gno.land/p/demo/avl.Node)} gno.land/p/demo/avl.Tree) *gno.land/p/demo/avl.Tree)} gno.land/p/teritori/role_manager.Role) *gno.land/p/teritori/role_manager.Role),(0 int8),(1 int),(nil *gno.land/p/demo/avl.Node),(nil *gno.land/p/demo/avl.Node)} gno.land/p/demo/avl.Node) *gno.land/p/demo/avl.Node)} gno.land/p/demo/avl.Tree) *gno.land/p/demo/avl.Tree),(0 int8),(1 int),(nil *gno.land/p/demo/avl.Node),(nil *gno.land/p/demo/avl.Node)} gno.land/p/demo/avl.Node) *gno.land/p/demo/avl.Node)} gno.land/p/demo/avl.Tree) *gno.land/p/demo/avl.Tree)} gno.land/p/teritori/role_manager.RoleManager) *gno.land/p/teritori/role_manager.RoleManager),(&(struct{(&(struct{("g1vfhkyh6lta047h6lta047h6lta047h6l03vdhu" string),(undefined),(2 int8),(3 int),(&(struct{("g1vdshymmvta047h6lta047h6lta047h6l2asz94" string),(undefined),(1 int8),(2 int),(&(struct{("g1v9kxjcm9ta047h6lta047h6lta047h6lzd40gh" string),(struct{} struct{}),(0 int8),(1 int),(nil *gno.land/p/demo/avl.Node),(nil *gno.land/p/demo/avl.Node)} gno.land/p/demo/avl.Node) *gno.land/p/demo/avl.Node),(&(struct{("g1vdshymmvta047h6lta047h6lta047h6l2asz94" string),(struct{} struct{}),(0 int8),(1 int),(nil *gno.land/p/demo/avl.Node),(nil *gno.land/p/demo/avl.Node)} gno.land/p/demo/avl.Node) *gno.land/p/demo/avl.Node)} gno.land/p/demo/avl.Node) *gno.land/p/demo/avl.Node),(&(struct{("g1vfhkyh6lta047h6lta047h6lta047h6l03vdhu" string),(struct{} struct{}),(0 int8),(1 int),(nil *gno.land/p/demo/avl.Node),(nil *gno.land/p/demo/avl.Node)} gno.land/p/demo/avl.Node) *gno.land/p/demo/avl.Node)} gno.land/p/demo/avl.Node) *gno.land/p/demo/avl.Node)} gno.land/p/demo/avl.Tree) *gno.land/p/demo/avl.Tree)} gno.land/p/teritori/basedao.membersStore) *gno.land/p/teritori/basedao.membersStore)
            dao: (undefined)
 (static) #4 Block(ID:0000000000000000000000000000000000000000:0,Addr:0x1400898c430,Source:func New(conf *(Config<VPBlock(2...,Parent:0x1400893f8b0)
            conf: (nil *gno.land/p/teritori/basedao.Config)
            .res_0: (nil *gno.land/p/teritori/basedao.DAO)
            members: (nil *gno.land/p/teritori/basedao.membersStore)
            dao: (nil *gno.land/p/teritori/basedao.DAO)
          #3 Block(ID:0000000000000000000000000000000000000000:0,Addr:0x1400bed21e0,Source:func TestNewDAO(t *(testing<VPBl...,Parent:0x1400bb345a0)
            t: (&(struct{("TestNewDAO" string),(true bool),(false bool),(nil []*testing.T),(nil *testing.T),(nil []uint8),(true bool),(undefined),( string)} testing.T) *testing.T)
            conf: (&(struct{("My DAO" string),("My DAO Description" string),( string),(slice[("admin" string)] []string),(slice[(struct{("g1v9kxjcm9ta047h6lta047h6lta047h6lzd40gh" string),(slice[("admin" string)] []string)} gno.land/p/teritori/basedao.Member),(struct{("g1vfhkyh6lta047h6lta047h6lta047h6l03vdhu" string),(slice[] []string)} gno.land/p/teritori/basedao.Member),(struct{("g1vdshymmvta047h6lta047h6lta047h6l2asz94" string),(slice[] []string)} gno.land/p/teritori/basedao.Member)] []gno.land/p/teritori/basedao.Member),(false bool),(undefined),(nil gno.land/p/teritori/basedao.ProfileStringSetter),(nil gno.land/p/teritori/basedao.ProfileStringGetter)} gno.land/p/teritori/basedao.Config) *gno.land/p/teritori/basedao.Config)
            dao: (undefined)
            roles: (undefined)
 (static) #3 Block(ID:0000000000000000000000000000000000000000:0,Addr:0x1400869e430,Source:func TestNewDAO(t *(testing<VPBl...,Parent:0x1400883e030)
            t: (nil *testing.T)
            conf: (nil *gno.land/p/teritori/basedao.Config)
            dao: (nil *gno.land/p/teritori/basedao.DAO)
            roles: (nil []string)
          #2 Block(ID:0000000000000000000000000000000000000000:0,Addr:0x1400bead0e0,Source:func tRunner(t *(T<VPBlock(2,32)...,Parent:0x1400a01dc20)
            t: (&(struct{("TestNewDAO" string),(true bool),(false bool),(nil []*testing.T),(nil *testing.T),(nil []uint8),(true bool),(undefined),( string)} testing.T) *testing.T)
            fn: (TestNewDAO testing.testingFunc)
            verbose: (true bool)
            start: (1739566392129236000 int64)
 (static) #2 Block(ID:0000000000000000000000000000000000000000:0,Addr:0x14006717430,Source:func tRunner(t *(T<VPBlock(2,32)...,Parent:0x14006685c30)
            t: (nil *testing.T)
            fn: (nil testing.testingFunc)
            verbose: (false bool)
            start: (0 int64)
          #1 Block(ID:0000000000000000000000000000000000000000:0,Addr:0x1400beacd20,Source:func RunTest(runFlag (const-type...,Parent:0x1400a01dc20)
            runFlag: ("" string)
            verbose: (true bool)
            test: (struct{("TestNewDAO" string),(TestNewDAO testing.testingFunc)} testing.InternalTest)
            ret: ( string)
            t: (&(struct{("TestNewDAO" string),(true bool),(false bool),(nil []*testing.T),(nil *testing.T),(nil []uint8),(true bool),(undefined),( string)} testing.T) *testing.T)
            report: (undefined)
            out: (undefined)
 (static) #1 Block(ID:0000000000000000000000000000000000000000:0,Addr:0x14006716430,Source:func RunTest(runFlag (const-type...,Parent:0x14006685c30)
            runFlag: ( string)
            verbose: (false bool)
            test: (nil testing.InternalTest)
            ret: ( string)
            t: (nil *testing.T)
            report: (nil testing.Report)
            out: (nil gonative{[]uint8})
    Frames:
          #3 [FRAME GOFUNC:0x1043d2950 RECV:(undefined) (3 args) 19/4/0/9/8]
          #2 [FRAME LABEL:  15/4/0/8/7]
          #1 [FRAME FUNC:tRunner RECV:(undefined) (3 args) 3/1/0/1/2 LASTPKG:testing LASTRLM:Realm(nil)]
          #0 [FRAME FUNC:RunTest RECV:(undefined) (3 args) 1/0/0/0/1 LASTPKG:gno.land/p/teritori/basedao LASTRLM:Realm(nil)]
    Exceptions:

gno stacktrace:
fmt<VPBlock(4,1)>.Fprintf((const-type gonative{io.Writer})(os<VPBlock(4,2)>.Stderr),panic: %v
,err<VPBlock(2,0)>)
    gofunction:func(io.Writer, string, ...interface {}) (int, error)
tRunner<VPBlock(3,43)>(t<VPBlock(1,4)>,test<VPBlock(1,2)>.F,verbose<VPBlock(1,1)>)
    testing/testing.gno:337
package{}.RunTest(,true,package{}.InternalTest<len=2>)
    testing/testing.gno:298

FAIL
FAIL    gno.land/p/teritori/basedao 	0.65s
FAIL
FAIL
FAIL: 0 build errors, 1 test errors
